============================= test session starts ==============================
platform linux -- Python 3.11.15, pytest-8.4.2, pluggy-1.6.0 -- /opt/hostedtoolcache/Python/3.11.15/x64/bin/python
cachedir: .pytest_cache
PySide6 6.11.1 -- Qt runtime 6.11.1 -- Qt compiled 6.11.1
rootdir: /home/runner/work/Computational_Biomedicine_Study_Hub/Computational_Biomedicine_Study_Hub
configfile: pyproject.toml
testpaths: tests
plugins: qt-4.5.0
collecting ... collected 37 items

tests/test_application.py::test_package_version_is_defined PASSED        [  2%]
tests/test_application.py::test_application_metadata PASSED              [  5%]
tests/test_application.py::test_main_window_has_stable_initial_geometry PASSED [  8%]
tests/test_course_catalog.py::test_first_semester_catalog_contains_expected_courses PASSED [ 10%]
tests/test_course_catalog.py::test_course_routes_are_unique_and_stable PASSED [ 13%]
tests/test_course_navigation.py::test_main_window_can_navigate_to_each_first_semester_course PASSED [ 16%]
tests/test_dm857_module_01_content.py::test_module_one_has_complete_learning_components PASSED [ 18%]
tests/test_dm857_module_01_content.py::test_module_one_covers_varied_retrieval_and_assessment_modes PASSED [ 21%]
tests/test_dm857_module_01_content.py::test_objective_and_content_identifiers_are_unique PASSED [ 24%]
tests/test_dm857_module_01_content.py::test_tutor_documents_are_complete_and_deterministic PASSED [ 27%]
tests/test_dm857_module_01_content.py::test_tutor_support_is_substantive_and_bounded_to_the_module PASSED [ 29%]
tests/test_dm857_module_01_content.py::test_option_based_assessments_only_reference_declared_options PASSED [ 32%]
tests/test_dm857_module_reader.py::test_dm857_page_hosts_the_first_authored_module_without_duplicate_course_cards PASSED [ 35%]
tests/test_dm857_module_reader.py::test_module_reader_exposes_five_study_sections PASSED [ 37%]
tests/test_dm857_module_reader.py::test_module_reader_renders_all_authored_content_cards PASSED [ 40%]
tests/test_dm857_module_reader.py::test_assessment_reader_does_not_render_answer_feedback PASSED [ 43%]
tests/test_learning_taxonomy.py::test_requested_assessment_types_are_supported PASSED [ 45%]
tests/test_learning_taxonomy.py::test_learning_cycle_includes_retrieval_and_spaced_review PASSED [ 48%]
tests/test_navigation.py::test_main_window_can_navigate_between_registered_routes PASSED [ 51%]
tests/test_objective_assessment.py::test_dm857_objective_bank_is_large_unique_and_deterministic PASSED [ 54%]
tests/test_objective_assessment.py::test_generator_builds_balanced_varied_sessions_and_shuffles_options PASSED [ 56%]
tests/test_objective_assessment.py::test_objective_grading_returns_authored_feedback PASSED [ 59%]
tests/test_objective_assessment.py::test_generator_rejects_unsupported_activity_types FAILED [ 62%]
tests/test_objective_assessment.py::test_dm857_page_renders_six_interactive_questions PASSED [ 64%]
tests/test_objective_assessment.py::test_question_card_autocorrects_and_updates_score PASSED [ 67%]
tests/test_objective_assessment.py::test_question_card_exposes_correct_answer_after_an_error PASSED [ 70%]
tests/test_objective_assessment.py::test_new_practice_replaces_the_question_set PASSED [ 72%]
tests/test_ollama_connection.py::test_config_normalizes_local_server_urls PASSED [ 75%]
tests/test_ollama_connection.py::test_client_reads_version_from_expected_endpoint PASSED [ 78%]
tests/test_ollama_connection.py::test_client_lists_and_sorts_available_models PASSED [ 81%]
tests/test_ollama_connection.py::test_client_rejects_invalid_model_lists[response0] PASSED [ 83%]
tests/test_ollama_connection.py::test_client_rejects_invalid_model_lists[response1] PASSED [ 86%]
tests/test_ollama_connection.py::test_client_rejects_invalid_model_lists[response2] PASSED [ 89%]
tests/test_ollama_settings_page.py::test_settings_page_prefers_and_persists_qwen_automatically PASSED [ 91%]
tests/test_ollama_settings_page.py::test_settings_page_falls_back_when_preferred_model_is_missing PASSED [ 94%]
tests/test_ollama_settings_page.py::test_settings_page_surfaces_connection_failures PASSED [ 97%]
tests/test_ollama_settings_page.py::test_main_window_registers_the_real_ollama_settings_page PASSED [100%]

=================================== FAILURES ===================================
______________ test_generator_rejects_unsupported_activity_types _______________

    def test_generator_rejects_unsupported_activity_types() -> None:
        unsupported = AssessmentItem(
            item_id="unsupported",
            activity_type=ActivityType.SHORT_ANSWER,
            prompt="Explica el concepto.",
            options=(),
            correct_answers=("Respuesta",),
            explanation="Explicación",
        )
    
        with pytest.raises(ValueError, match="supports only"):
>           ObjectiveSessionGenerator((unsupported,))

tests/test_objective_assessment.py:85: 
_ _ _ _ _ _ _ _ _ _ _ _ _ _ _ _ _ _ _ _ _ _ _ _ _ _ _ _ _ _ _ _ _ _ _ _ _ _ _ _ 

self = <computational_biomedicine_study_hub.learning.objective_assessment.ObjectiveSessionGenerator object at 0x7f7ded96efd0>
bank = (AssessmentItem(item_id='unsupported', activity_type=<ActivityType.SHORT_ANSWER: 'short_answer'>, prompt='Explica el concepto.', options=(), correct_answers=('Respuesta',), explanation='Explicación', rubric=()),)

    def __init__(
        self,
        bank: tuple[AssessmentItem, ...],
        *,
        question_count: int = 6,
        rng: random.Random | None = None,
    ) -> None:
        if question_count < 1:
            raise ValueError("question_count must be at least 1.")
        if question_count > len(bank):
>           raise ValueError("question_count cannot exceed the question-bank size.")
E           ValueError: question_count cannot exceed the question-bank size.

src/computational_biomedicine_study_hub/learning/objective_assessment.py:61: ValueError

During handling of the above exception, another exception occurred:

    def test_generator_rejects_unsupported_activity_types() -> None:
        unsupported = AssessmentItem(
            item_id="unsupported",
            activity_type=ActivityType.SHORT_ANSWER,
            prompt="Explica el concepto.",
            options=(),
            correct_answers=("Respuesta",),
            explanation="Explicación",
        )
    
>       with pytest.raises(ValueError, match="supports only"):
E       AssertionError: Regex pattern did not match.
E        Regex: 'supports only'
E        Input: 'question_count cannot exceed the question-bank size.'

tests/test_objective_assessment.py:84: AssertionError
=========================== short test summary info ============================
FAILED tests/test_objective_assessment.py::test_generator_rejects_unsupported_activity_types - AssertionError: Regex pattern did not match.
 Regex: 'supports only'
 Input: 'question_count cannot exceed the question-bank size.'
========================= 1 failed, 36 passed in 1.68s =========================
